[INFO] Scanning for projects...
[INFO] 
[INFO] -----------------------< com.leafy:auth-service >-----------------------
[INFO] Building auth-service 0.0.1-SNAPSHOT
[INFO]   from pom.xml
[INFO] --------------------------------[ jar ]---------------------------------
[INFO] 
[INFO] --- clean:3.4.1:clean (default-clean) @ auth-service ---
[INFO] Deleting D:\Sturdy\PersonalRepository\Project-KLTN\backend\auth-service\target
[INFO] 
[INFO] --- resources:3.3.1:resources (default-resources) @ auth-service ---
[INFO] Copying 1 resource from src\main\resources to target\classes
[INFO] Copying 0 resource from src\main\resources to target\classes
[INFO] 
[INFO] --- compiler:3.14.1:compile (default-compile) @ auth-service ---
[INFO] Recompiling the module because of changed source code.
[INFO] Compiling 66 source files with javac [debug parameters release 21] to target\classes
[INFO] -------------------------------------------------------------
[WARNING] COMPILATION WARNING : 
[INFO] -------------------------------------------------------------
[WARNING] /D:/Sturdy/PersonalRepository/Project-KLTN/backend/auth-service/src/main/java/com/leafy/authservice/mapper/UserMapper.java:[27,10] Unmapped target property: "id".
[INFO] 1 warning
[INFO] -------------------------------------------------------------
[INFO] -------------------------------------------------------------
[ERROR] COMPILATION ERROR : 
[INFO] -------------------------------------------------------------
[ERROR] /D:/Sturdy/PersonalRepository/Project-KLTN/backend/auth-service/src/main/java/com/leafy/authservice/utils/UserValidationUtils.java:[86,18] cannot find symbol
  symbol:   method getActive()
  location: variable user of type com.leafy.authservice.model.User
[ERROR] /D:/Sturdy/PersonalRepository/Project-KLTN/backend/auth-service/src/main/java/com/leafy/authservice/utils/UserUtils.java:[134,36] cannot find symbol
  symbol:   method getActive()
  location: variable user of type com.leafy.authservice.model.User
[INFO] 2 errors 
[INFO] -------------------------------------------------------------
[INFO] ------------------------------------------------------------------------
[INFO] BUILD FAILURE
[INFO] ------------------------------------------------------------------------
[INFO] Total time:  7.927 s
[INFO] Finished at: 2026-03-17T19:36:30+07:00
[INFO] ------------------------------------------------------------------------
[ERROR] Failed to execute goal org.apache.maven.plugins:maven-compiler-plugin:3.14.1:compile (default-compile) on project auth-service: Compilation failure: Compilation failure: 
[ERROR] /D:/Sturdy/PersonalRepository/Project-KLTN/backend/auth-service/src/main/java/com/leafy/authservice/utils/UserValidationUtils.java:[86,18] cannot find symbol
[ERROR]   symbol:   method getActive()
[ERROR]   location: variable user of type com.leafy.authservice.model.User
[ERROR] /D:/Sturdy/PersonalRepository/Project-KLTN/backend/auth-service/src/main/java/com/leafy/authservice/utils/UserUtils.java:[134,36] cannot find symbol
[ERROR]   symbol:   method getActive()
[ERROR]   location: variable user of type com.leafy.authservice.model.User
[ERROR] -> [Help 1]
[ERROR] 
[ERROR] To see the full stack trace of the errors, re-run Maven with the -e switch.
[ERROR] Re-run Maven using the -X switch to enable full debug logging.
[ERROR] 
[ERROR] For more information about the errors and possible solutions, please read the following articles:
[ERROR] [Help 1] http://cwiki.apache.org/confluence/display/MAVEN/MojoFailureException
